// Jest Snapshot v1, https://goo.gl/fbAQLP

exports[`PokemonPage Component debe de hacer match con el snapshot 1`] = `<h1>Espere por favor ...</h1>`;

exports[`PokemonPage Component debe de hacer match con el snapshot cuando cargan los pokemons 1`] = `
<div>
  <div style="display: relative; height: 110px;">
    <h1>Who's that Pokemon?</h1>
    <h1 class="back-title">Who's that Pokemon?</h1>
  </div>
  <pokemon-picture-stub pokemonid="5" showpokemon="false"></pokemon-picture-stub>
  <pokemon-options-stub pokemons="[object Object],[object Object],[object Object],[object Object]"></pokemon-options-stub>
  <!--v-if-->
</div>
`;
